// Vitest Snapshot v1, https://vitest.dev/guide/snapshot.html

exports[`wing compile -t tf-aws > main.tf.json 1`] = `
{
  "//": {
    "metadata": {
      "backend": "local",
      "stackName": "root",
      "version": "0.15.2",
    },
    "outputs": {},
  },
  "provider": {
    "aws": [
      {},
    ],
  },
}
`;

exports[`wing compile -t tf-aws > preflight.js 1`] = `
"const $stdlib = require('@winglang/sdk');
const $outdir = process.env.WING_SYNTH_DIR ?? \\".\\";

function __app(target) {
	switch (target) {
		case \\"sim\\":
			return $stdlib.sim.App;
		case \\"tfaws\\":
		case \\"tf-aws\\":
			return $stdlib.tfaws.App;
		case \\"tf-gcp\\":
			return $stdlib.tfgcp.App;
		case \\"tf-azure\\":
			return $stdlib.tfazure.App;
		case \\"awscdk\\":
			return $stdlib.awscdk.App;
		default:
			throw new Error(\`Unknown WING_TARGET value: \\"\${process.env.WING_TARGET ?? \\"\\"}\\"\`);
	}
}
const $App = __app(process.env.WING_TARGET);

class MyApp extends $App {
constructor() {
  super({ outdir: $outdir, name: \\"for_loop\\", plugins: $plugins });
  
  const words = Object.freeze([\\"wing\\", \\"lang\\", \\"dang\\"]);
  const unique_numbers = Object.freeze(new Set([1, 2, 3]));
  for (const word of words) {
    for (const number of unique_numbers) {
      {((cond) => {if (!cond) throw new Error(\`assertion failed: '(number > 0)'\`)})((number > 0))};
      {console.log(\`\${word}: \${number}\`)};
    }
  }
  let i = 0;
  for (const word of words) {
    i = (i + 1);
    let pre_break_hits = 0;
    let post_break_hits = 0;
    for (const number of unique_numbers) {
      {((cond) => {if (!cond) throw new Error(\`assertion failed: '(number > 0)'\`)})((number > 0))};
      {console.log(\`\${word}: \${number}\`)};
      pre_break_hits = (pre_break_hits + 1);
      if ((number === 2)) {
        break;
      }
      post_break_hits = (post_break_hits + 1);
    }
    {((cond) => {if (!cond) throw new Error(\`assertion failed: '(pre_break_hits === 2)'\`)})((pre_break_hits === 2))};
    {((cond) => {if (!cond) throw new Error(\`assertion failed: '(post_break_hits === 1)'\`)})((post_break_hits === 1))};
  }
  {((cond) => {if (!cond) throw new Error(\`assertion failed: '(i === 3)'\`)})((i === 3))};
  let j = 0;
  for (const word of words) {
    j = (j + 1);
    let pre_continue_hits = 0;
    let post_continue_hits = 0;
    for (const number of unique_numbers) {
      {((cond) => {if (!cond) throw new Error(\`assertion failed: '(number > 0)'\`)})((number > 0))};
      {console.log(\`\${word}: \${number}\`)};
      pre_continue_hits = (pre_continue_hits + 1);
      if ((number > 0)) {
        continue;
      }
      post_continue_hits = (post_continue_hits + 1);
    }
    {((cond) => {if (!cond) throw new Error(\`assertion failed: '(pre_continue_hits === 3)'\`)})((pre_continue_hits === 3))};
    {((cond) => {if (!cond) throw new Error(\`assertion failed: '(post_continue_hits === 0)'\`)})((post_continue_hits === 0))};
  }
  {((cond) => {if (!cond) throw new Error(\`assertion failed: '(j === 3)'\`)})((j === 3))};
  {console.log(\\"---\\\\nfor x in 0..0 { ... }\\")};
  for (const x of ((s,e,i) => { function* iterator(start,end,inclusive) { let i = start; let limit = inclusive ? ((end < start) ? end - 1 : end + 1) : end; while (i < limit) yield i++; while (i > limit) yield i--; }; return iterator(s,e,i); })(0,0,false)) {
    {((cond) => {if (!cond) throw new Error(\`assertion failed: 'false'\`)})(false)};
  }
  {console.log(\\"there's no value to iterate\\")};
  {console.log(\\"---\\\\nfor x in 0..=0 { ... }\\")};
  for (const x of ((s,e,i) => { function* iterator(start,end,inclusive) { let i = start; let limit = inclusive ? ((end < start) ? end - 1 : end + 1) : end; while (i < limit) yield i++; while (i > limit) yield i--; }; return iterator(s,e,i); })(0,0,false)) {
    {((cond) => {if (!cond) throw new Error(\`assertion failed: '(x === 0)'\`)})((x === 0))};
    {console.log(\`\${x}\`)};
  }
  {console.log(\\"---\\\\nfor x in 0..2 { ... }\\")};
  for (const x of ((s,e,i) => { function* iterator(start,end,inclusive) { let i = start; let limit = inclusive ? ((end < start) ? end - 1 : end + 1) : end; while (i < limit) yield i++; while (i > limit) yield i--; }; return iterator(s,e,i); })(0,2,false)) {
    {((cond) => {if (!cond) throw new Error(\`assertion failed: '(x >= 0)'\`)})((x >= 0))};
    {((cond) => {if (!cond) throw new Error(\`assertion failed: '(x < 2)'\`)})((x < 2))};
    {console.log(\`\${x}\`)};
  }
  {console.log(\\"---\\\\nfor x in 0..=2 { ... }\\")};
  for (const x of ((s,e,i) => { function* iterator(start,end,inclusive) { let i = start; let limit = inclusive ? ((end < start) ? end - 1 : end + 1) : end; while (i < limit) yield i++; while (i > limit) yield i--; }; return iterator(s,e,i); })(0,2,false)) {
    {((cond) => {if (!cond) throw new Error(\`assertion failed: '(x >= 0)'\`)})((x >= 0))};
    {((cond) => {if (!cond) throw new Error(\`assertion failed: '(x <= 2)'\`)})((x <= 2))};
    {console.log(\`\${x}\`)};
  }
  {console.log(\\"---\\\\nfor x in 2..0 { ... }\\")};
  for (const x of ((s,e,i) => { function* iterator(start,end,inclusive) { let i = start; let limit = inclusive ? ((end < start) ? end - 1 : end + 1) : end; while (i < limit) yield i++; while (i > limit) yield i--; }; return iterator(s,e,i); })(2,0,false)) {
    {((cond) => {if (!cond) throw new Error(\`assertion failed: '(x <= 2)'\`)})((x <= 2))};
    {((cond) => {if (!cond) throw new Error(\`assertion failed: '(x > 0)'\`)})((x > 0))};
    {console.log(\`\${x}\`)};
  }
  {console.log(\\"---\\\\nfor x in 2..=0 { ... }\\")};
  for (const x of ((s,e,i) => { function* iterator(start,end,inclusive) { let i = start; let limit = inclusive ? ((end < start) ? end - 1 : end + 1) : end; while (i < limit) yield i++; while (i > limit) yield i--; }; return iterator(s,e,i); })(2,0,false)) {
    {((cond) => {if (!cond) throw new Error(\`assertion failed: '(x <= 2)'\`)})((x <= 2))};
    {((cond) => {if (!cond) throw new Error(\`assertion failed: '(x >= 0)'\`)})((x >= 0))};
    {console.log(\`\${x}\`)};
  }
  {console.log(\\"---\\\\nfor x in 0..-2 { ... }\\")};
  for (const x of ((s,e,i) => { function* iterator(start,end,inclusive) { let i = start; let limit = inclusive ? ((end < start) ? end - 1 : end + 1) : end; while (i < limit) yield i++; while (i > limit) yield i--; }; return iterator(s,e,i); })(0,(-2),false)) {
    {((cond) => {if (!cond) throw new Error(\`assertion failed: '(x <= 0)'\`)})((x <= 0))};
    {((cond) => {if (!cond) throw new Error(\`assertion failed: '(x > (-2))'\`)})((x > (-2)))};
    {console.log(\`\${x}\`)};
  }
  {console.log(\\"---\\\\nfor x in 0..=-2 { ... }\\")};
  for (const x of ((s,e,i) => { function* iterator(start,end,inclusive) { let i = start; let limit = inclusive ? ((end < start) ? end - 1 : end + 1) : end; while (i < limit) yield i++; while (i > limit) yield i--; }; return iterator(s,e,i); })(0,(-2),false)) {
    {((cond) => {if (!cond) throw new Error(\`assertion failed: '(x <= 0)'\`)})((x <= 0))};
    {((cond) => {if (!cond) throw new Error(\`assertion failed: '(x > (-3))'\`)})((x > (-3)))};
    {console.log(\`\${x}\`)};
  }
  {console.log(\\"---\\\\nfor x in -2..0 { ... }\\")};
  for (const x of ((s,e,i) => { function* iterator(start,end,inclusive) { let i = start; let limit = inclusive ? ((end < start) ? end - 1 : end + 1) : end; while (i < limit) yield i++; while (i > limit) yield i--; }; return iterator(s,e,i); })((-2),0,false)) {
    {((cond) => {if (!cond) throw new Error(\`assertion failed: '(x >= (-2))'\`)})((x >= (-2)))};
    {((cond) => {if (!cond) throw new Error(\`assertion failed: '(x < 0)'\`)})((x < 0))};
    {console.log(\`\${x}\`)};
  }
  {console.log(\\"---\\\\nfor x in -2..=0 { ... }\\")};
  for (const x of ((s,e,i) => { function* iterator(start,end,inclusive) { let i = start; let limit = inclusive ? ((end < start) ? end - 1 : end + 1) : end; while (i < limit) yield i++; while (i > limit) yield i--; }; return iterator(s,e,i); })((-2),0,false)) {
    {((cond) => {if (!cond) throw new Error(\`assertion failed: '(x >= (-2))'\`)})((x >= (-2)))};
    {((cond) => {if (!cond) throw new Error(\`assertion failed: '(x <= 0)'\`)})((x <= 0))};
    {console.log(\`\${x}\`)};
  }
  const z = 2;
  {console.log(\\"---\\\\nfor x in 0..z { ... } <=> x = 2\\")};
  for (const x of ((s,e,i) => { function* iterator(start,end,inclusive) { let i = start; let limit = inclusive ? ((end < start) ? end - 1 : end + 1) : end; while (i < limit) yield i++; while (i > limit) yield i--; }; return iterator(s,e,i); })(0,z,false)) {
    {((cond) => {if (!cond) throw new Error(\`assertion failed: '(x >= 0)'\`)})((x >= 0))};
    {((cond) => {if (!cond) throw new Error(\`assertion failed: '(x < 2)'\`)})((x < 2))};
    {console.log(\`\${x}\`)};
  }
  {console.log(\\"---\\\\nfor x in 0..=z { ... } <=> x = 2\\")};
  for (const x of ((s,e,i) => { function* iterator(start,end,inclusive) { let i = start; let limit = inclusive ? ((end < start) ? end - 1 : end + 1) : end; while (i < limit) yield i++; while (i > limit) yield i--; }; return iterator(s,e,i); })(0,z,false)) {
    {((cond) => {if (!cond) throw new Error(\`assertion failed: '(x >= 0)'\`)})((x >= 0))};
    {((cond) => {if (!cond) throw new Error(\`assertion failed: '(x <= 2)'\`)})((x <= 2))};
    {console.log(\`\${x}\`)};
  }
  {console.log(\\"---\\\\nfor x in z..0 { ... } <=> x = 2\\")};
  for (const x of ((s,e,i) => { function* iterator(start,end,inclusive) { let i = start; let limit = inclusive ? ((end < start) ? end - 1 : end + 1) : end; while (i < limit) yield i++; while (i > limit) yield i--; }; return iterator(s,e,i); })(z,0,false)) {
    {((cond) => {if (!cond) throw new Error(\`assertion failed: '(x <= 2)'\`)})((x <= 2))};
    {((cond) => {if (!cond) throw new Error(\`assertion failed: '(x > 0)'\`)})((x > 0))};
    {console.log(\`\${x}\`)};
  }
  {console.log(\\"---\\\\nfor x in 0..(z*2) { ... } <=> x = 2\\")};
  for (const x of ((s,e,i) => { function* iterator(start,end,inclusive) { let i = start; let limit = inclusive ? ((end < start) ? end - 1 : end + 1) : end; while (i < limit) yield i++; while (i > limit) yield i--; }; return iterator(s,e,i); })(0,(z * 2),false)) {
    {((cond) => {if (!cond) throw new Error(\`assertion failed: '(x >= 0)'\`)})((x >= 0))};
    {((cond) => {if (!cond) throw new Error(\`assertion failed: '(x < 4)'\`)})((x < 4))};
    {console.log(\`\${x}\`)};
  }
  {console.log(\\"---\\\\nfor x in 0..=(z*2) { ... } <=> x = 2\\")};
  for (const x of ((s,e,i) => { function* iterator(start,end,inclusive) { let i = start; let limit = inclusive ? ((end < start) ? end - 1 : end + 1) : end; while (i < limit) yield i++; while (i > limit) yield i--; }; return iterator(s,e,i); })(0,(z * 2),false)) {
    {((cond) => {if (!cond) throw new Error(\`assertion failed: '(x >= 0)'\`)})((x >= 0))};
    {((cond) => {if (!cond) throw new Error(\`assertion failed: '(x <= 4)'\`)})((x <= 4))};
    {console.log(\`\${x}\`)};
  }
  {console.log(\\"---\\\\nfor x in (z*2)..0 { ... } <=> x = 2\\")};
  for (const x of ((s,e,i) => { function* iterator(start,end,inclusive) { let i = start; let limit = inclusive ? ((end < start) ? end - 1 : end + 1) : end; while (i < limit) yield i++; while (i > limit) yield i--; }; return iterator(s,e,i); })((z * 2),0,false)) {
    {((cond) => {if (!cond) throw new Error(\`assertion failed: '(x <= 4)'\`)})((x <= 4))};
    {((cond) => {if (!cond) throw new Error(\`assertion failed: '(x > 0)'\`)})((x > 0))};
    {console.log(\`\${x}\`)};
  }
  {console.log(\\"---\\\\nfor x in std.Range.of(0, 2) { ... }\\")};
  for (const x of ((start, end, inclusive) => { function* iterator(start, end, inclusive) { let i = start; let limit = inclusive ? ((end < start) ? end - 1 : end + 1) : end; while (i < limit) yield i++; while (i > limit) yield i--; }; return iterator(start, end, inclusive);})(0,2)) {
    {((cond) => {if (!cond) throw new Error(\`assertion failed: '(x >= 0)'\`)})((x >= 0))};
    {((cond) => {if (!cond) throw new Error(\`assertion failed: '(x < 2)'\`)})((x < 2))};
    {console.log(\`\${x}\`)};
  }
  {console.log(\\"---\\\\nfor x in std.Range.of(0, 2, true) { ... }\\")};
  for (const x of ((start, end, inclusive) => { function* iterator(start, end, inclusive) { let i = start; let limit = inclusive ? ((end < start) ? end - 1 : end + 1) : end; while (i < limit) yield i++; while (i > limit) yield i--; }; return iterator(start, end, inclusive);})(0,2,true)) {
    {((cond) => {if (!cond) throw new Error(\`assertion failed: '(x >= 0)'\`)})((x >= 0))};
    {((cond) => {if (!cond) throw new Error(\`assertion failed: '(x <= 2)'\`)})((x <= 2))};
    {console.log(\`\${x}\`)};
  }
  {console.log(\\"---\\\\nfor x in std.Range.of(2, 0) { ... }\\")};
  for (const x of ((start, end, inclusive) => { function* iterator(start, end, inclusive) { let i = start; let limit = inclusive ? ((end < start) ? end - 1 : end + 1) : end; while (i < limit) yield i++; while (i > limit) yield i--; }; return iterator(start, end, inclusive);})(2,0)) {
    {((cond) => {if (!cond) throw new Error(\`assertion failed: '(x <= 2)'\`)})((x <= 2))};
    {((cond) => {if (!cond) throw new Error(\`assertion failed: '(x > 0)'\`)})((x > 0))};
    {console.log(\`\${x}\`)};
  }
}
}
new MyApp().synth();"
`;

exports[`wing test > stdout 1`] = `
"wing: 1
wing: 2
wing: 3
lang: 1
lang: 2
lang: 3
dang: 1
dang: 2
dang: 3
wing: 1
wing: 2
lang: 1
lang: 2
dang: 1
dang: 2
wing: 1
wing: 2
wing: 3
lang: 1
lang: 2
lang: 3
dang: 1
dang: 2
dang: 3
---
for x in 0..0 { ... }
there's no value to iterate
---
for x in 0..=0 { ... }
---
for x in 0..2 { ... }
0
1
---
for x in 0..=2 { ... }
0
1
---
for x in 2..0 { ... }
2
1
---
for x in 2..=0 { ... }
2
1
---
for x in 0..-2 { ... }
0
-1
---
for x in 0..=-2 { ... }
0
-1
---
for x in -2..0 { ... }
-2
-1
---
for x in -2..=0 { ... }
-2
-1
---
for x in 0..z { ... } <=> x = 2
0
1
---
for x in 0..=z { ... } <=> x = 2
0
1
---
for x in z..0 { ... } <=> x = 2
2
1
---
for x in 0..(z*2) { ... } <=> x = 2
0
1
2
3
---
for x in 0..=(z*2) { ... } <=> x = 2
0
1
2
3
---
for x in (z*2)..0 { ... } <=> x = 2
4
3
2
1
---
for x in std.Range.of(0, 2) { ... }
0
1
---
for x in std.Range.of(0, 2, true) { ... }
0
1
2
---
for x in std.Range.of(2, 0) { ... }
2
1
pass ─ for_loop.w (no tests)"
`;
